Loaded 582 players for 2026-27 using 2025-26 statistics
========================================================================
FULL-BEAM FIXED-MARKET PRICE CURVE
========================================================================
target        : Nikola Jokić
own roster    : 0 players
own players   : EMPTY
own budget    : $200
pass j stage  : EARLY-global (840 j)
buy j stage   : EARLY-global (840 j)
pricing core  : 300 compact j
prep market   : $70
FAST comp     : $58
FAST max bid  : $48
FAST H PASS   : 69.56%
curve prices  : [20, 30, 40, 48, 50, 58, 60, 70]

future market : frozen after Nikola Jokić leaves board at $70
market solve  : 0.91s
FULL H PASS   :  74.54% | 5.25 cats | Punt 3PM + FT% | Punt 3PM / De-emphasize PTS + BLK / Push STL | 27.82s

 price |  FULL H |  Δ vs PASS | cats | left | beam time | build
-------+---------+------------+------+------+-----------+---------------------------
 $ 20  |   81.36% |     +6.81 pp | 5.50 | $  0 |    27.26s | Punt 3PM + FT% (+1)
 $ 30  |   79.69% |     +5.14 pp | 5.43 | $  2 |    30.74s | Punt FT% + 3PM (+1)
 $ 40  |   77.68% |     +3.14 pp | 5.33 | $  0 |    31.02s | Punt FT% + 3PM (+1)
 $ 48  |   76.28% |     +1.74 pp | 5.31 | $  0 |    30.87s | Punt 3PM + FT%
 $ 50  |   75.71% |     +1.17 pp | 5.29 | $  1 |    31.69s | Punt 3PM + FT%
 $ 58  |   74.32% |     -0.23 pp | 5.25 | $  2 |    31.97s | Punt FT% + 3PM (+1)
 $ 60  |   74.03% |     -0.51 pp | 5.24 | $  1 |    32.11s | Punt 3PM + FT%
 $ 70  |   72.35% |     -2.19 pp | 5.18 | $  0 |    31.40s | Punt 3PM + FT%

MONOTONICITY: PASS — no >0.05 pp increase when price rises.
Highest TESTED price with H(BUY) >= H(PASS): $50

This is a diagnostic grid, not yet a production Max Bid solver.
