Loaded 582 players for 2026-27 using 2025-26 statistics
========================================================================
PRICING REPLAY VALIDATION · SHARED PARETO vs FULL REFERENCE
========================================================================
anchor       : Shai Gilgeous-Alexander
our state    : EMPTY roster · $200 throughout
radius       : ±$4 around shared Pareto bid
pricing core : 300 compact j
sales        :
  1. Nikola Jokić @ $77 -> Luka Legends
  2. Victor Wembanyama @ $70 -> FCB
  3. Luka Dončić @ $51 -> Maribor

This can take several minutes: each checkpoint runs one shared frontier
plus a candidate-specific FULL pass and three FULL buy beam solves.

------------------------------------------------------------------------
CHECKPOINT 0 · BEFORE ANY SALES
------------------------------------------------------------------------
available     : 243 scored players
FAST comp     : $61
FAST max bid  : $16
SHARED PARETO
  max bid     : $30
  edge vs comp: -31
  H PASS      : 76.46%
  runtime     : 9.21s  (market 0.89s + beam 8.17s)
  candidate-exclusion coverage:
    PASS   8271/13440  survive ( 61.5%) ·   5169 contained Shai Gilgeous-Alexander
    BUY    8287/13440  survive ( 61.7%) ·   5153 contained Shai Gilgeous-Alexander
FULL REFERENCE · candidate-specific market · v52 semantics
  tested prices: [26, 30, 34]
  H PASS      : 88.33%  (shared -11.87 pp)
  H @ $26     :  89.73%   +1.40 pp vs FULL PASS  ·  11.3s
  H @ $30     :  89.29%   +0.96 pp vs FULL PASS  ·  11.7s
  H @ $34     :  88.84%   +0.51 pp vs FULL PASS  ·  11.1s
  FULL runtime : 45.65s
  FULL max     : > $34 (above tested window)
  shared error : shared $30 is at least too LOW for this window

------------------------------------------------------------------------
CHECKPOINT 1 · AFTER Nikola Jokić @ $77 -> Luka Legends
------------------------------------------------------------------------
available     : 242 scored players
FAST comp     : $66
FAST max bid  : $31
SHARED PARETO
  max bid     : $46
  edge vs comp: -20
  H PASS      : 55.82%
  runtime     : 37.96s  (market 2.81s + beam 34.92s)
  candidate-exclusion coverage:
    PASS  13408/13440  survive ( 99.8%) ·     32 contained Shai Gilgeous-Alexander
    BUY   13404/13440  survive ( 99.7%) ·     36 contained Shai Gilgeous-Alexander
FULL REFERENCE · candidate-specific market · v52 semantics
  tested prices: [42, 46, 50]
  H PASS      : 58.08%  (shared -2.26 pp)
  H @ $42     :  60.01%   +1.93 pp vs FULL PASS  ·  35.4s
  H @ $46     :  58.76%   +0.68 pp vs FULL PASS  ·  35.1s
  H @ $50     :  58.18%   +0.10 pp vs FULL PASS  ·  35.6s
  FULL runtime : 153.47s
  FULL max     : > $50 (above tested window)
  shared error : shared $46 is at least too LOW for this window

------------------------------------------------------------------------
CHECKPOINT 2 · AFTER Victor Wembanyama @ $70 -> FCB
------------------------------------------------------------------------
available     : 241 scored players
FAST comp     : $60
FAST max bid  : $45
SHARED PARETO
  max bid     : $34
  edge vs comp: -26
  H PASS      : 64.21%
  runtime     : 36.39s  (market 3.47s + beam 32.81s)
  candidate-exclusion coverage:
    PASS   4195/13440  survive ( 31.2%) ·   9245 contained Shai Gilgeous-Alexander
    BUY    4110/13440  survive ( 30.6%) ·   9330 contained Shai Gilgeous-Alexander
FULL REFERENCE · candidate-specific market · v52 semantics
  tested prices: [30, 34, 38]
  H PASS      : 69.09%  (shared -4.88 pp)
  H @ $30     :  73.55%   +4.47 pp vs FULL PASS  ·  24.7s
  H @ $34     :  72.65%   +3.57 pp vs FULL PASS  ·  25.3s
  H @ $38     :  72.01%   +2.93 pp vs FULL PASS  ·  25.3s
  FULL runtime : 107.96s
  FULL max     : > $38 (above tested window)
  shared error : shared $34 is at least too LOW for this window

------------------------------------------------------------------------
CHECKPOINT 3 · AFTER Luka Dončić @ $51 -> Maribor
------------------------------------------------------------------------
available     : 240 scored players
FAST comp     : $60
FAST max bid  : $45
SHARED PARETO
  max bid     : $45
  edge vs comp: -15
  H PASS      : 57.50%
  runtime     : 37.21s  (market 4.79s + beam 32.32s)
  candidate-exclusion coverage:
    PASS   2537/13440  survive ( 18.9%) ·  10903 contained Shai Gilgeous-Alexander
    BUY    2502/13440  survive ( 18.6%) ·  10938 contained Shai Gilgeous-Alexander
FULL REFERENCE · candidate-specific market · v52 semantics
  tested prices: [41, 45, 49]
  H PASS      : 69.45%  (shared -11.95 pp)
  H @ $41     :  71.70%   +2.25 pp vs FULL PASS  ·  26.9s
  H @ $45     :  71.44%   +1.99 pp vs FULL PASS  ·  27.0s
  H @ $49     :  70.44%   +0.99 pp vs FULL PASS  ·  26.8s
  FULL runtime : 118.28s
  FULL max     : > $49 (above tested window)
  shared error : shared $45 is at least too LOW for this window

========================================================================
REPLAY COMPLETE
========================================================================
Interpretation:
  • small shared-vs-FULL bid error + healthy coverage => market-state move is real
  • large error with low survival => shared beam is losing candidate-exclusion diversity
  • large error with high survival => shared-market approximation itself is suspect
