Loaded 582 players for 2026-27 using 2025-26 statistics

========================================================================
STAGE-AWARE EARLY j TRAINING — v34
========================================================================
22 / 600 states already checkpointed | deep=212941 | pricing bank=300
per-run compute budget: 6.00 hours
Rayon worker threads: 8
deep j rollouts: parallel for searches >= 256 vectors
  [ 23/600] roster=2 drafted=27 H= 57.27% | 110.4s | checkpointed
  [ 24/600] roster=3 drafted=40 H= 56.61% | 112.0s | checkpointed
  [ 25/600] roster=4 drafted=49 H= 48.59% | 107.0s | checkpointed
  [ 26/600] roster=0 drafted=4 H= 71.93% |  98.4s | checkpointed
  [ 27/600] roster=1 drafted=14 H= 60.84% | 120.2s | checkpointed
  [ 28/600] roster=2 drafted=27 H= 51.11% | 123.0s | checkpointed
  [ 29/600] roster=3 drafted=40 H= 54.09% | 108.4s | checkpointed
  [ 30/600] roster=4 drafted=49 H= 52.73% | 104.9s | checkpointed
  [ 31/600] roster=0 drafted=4 H= 66.04% |  99.6s | checkpointed
  [ 32/600] roster=1 drafted=14 H= 56.97% | 126.6s | checkpointed
  [ 33/600] roster=2 drafted=27 H= 54.88% | 116.2s | checkpointed
  [ 34/600] roster=3 drafted=40 H= 47.10% | 108.4s | checkpointed
  [ 35/600] roster=4 drafted=49 H= 50.40% | 104.8s | checkpointed
  [ 36/600] roster=0 drafted=4 H= 72.28% |  96.9s | checkpointed
  [ 37/600] roster=1 drafted=14 H= 59.74% | 125.1s | checkpointed
  [ 38/600] roster=2 drafted=27 H= 51.86% | 120.9s | checkpointed
  [ 39/600] roster=3 drafted=40 H= 48.10% | 112.3s | checkpointed
  [ 40/600] roster=4 drafted=49 H= 52.70% | 105.8s | checkpointed
  [ 41/600] roster=0 drafted=4 H= 72.52% |  98.9s | checkpointed
  [ 42/600] roster=1 drafted=14 H= 59.95% | 119.2s | checkpointed
  [ 43/600] roster=2 drafted=27 H= 56.31% | 124.0s | checkpointed
  [ 44/600] roster=3 drafted=40 H= 51.07% | 104.2s | checkpointed
  [ 45/600] roster=4 drafted=49 H= 43.42% | 106.8s | checkpointed
  [ 46/600] roster=0 drafted=4 H= 72.98% | 105.6s | checkpointed
  [ 47/600] roster=1 drafted=14 H= 64.86% | 136.1s | checkpointed
  [ 48/600] roster=2 drafted=27 H= 58.16% | 152.6s | checkpointed
  [ 49/600] roster=3 drafted=40 H= 56.71% | 137.1s | checkpointed
  [ 50/600] roster=4 drafted=49 H= 52.62% | 131.8s | checkpointed
  [ 51/600] roster=0 drafted=4 H= 77.07% | 127.9s | checkpointed
  [ 52/600] roster=1 drafted=14 H= 61.16% | 159.0s | checkpointed
  [ 53/600] roster=2 drafted=27 H= 59.27% | 148.0s | checkpointed
  [ 54/600] roster=3 drafted=40 H= 58.78% | 148.6s | checkpointed
  [ 55/600] roster=4 drafted=49 H= 55.01% | 105.8s | checkpointed
  [ 56/600] roster=0 drafted=4 H= 73.30% | 116.8s | checkpointed
  [ 57/600] roster=1 drafted=14 H= 52.26% | 146.5s | checkpointed
  [ 58/600] roster=2 drafted=27 H= 54.90% | 145.0s | checkpointed
  [ 59/600] roster=3 drafted=40 H= 57.07% | 129.4s | checkpointed
  [ 60/600] roster=4 drafted=49 H= 54.70% | 125.1s | checkpointed
  [ 61/600] roster=0 drafted=4 H= 65.56% | 133.5s | checkpointed
  [ 62/600] roster=1 drafted=14 H= 73.39% | 156.7s | checkpointed
  [ 63/600] roster=2 drafted=27 H= 59.51% | 133.1s | checkpointed
  [ 64/600] roster=3 drafted=40 H= 51.13% | 133.3s | checkpointed
  [ 65/600] roster=4 drafted=49 H= 52.47% | 105.4s | checkpointed
  [ 66/600] roster=0 drafted=4 H= 71.22% | 120.4s | checkpointed
  [ 67/600] roster=1 drafted=14 H= 55.84% | 130.0s | checkpointed
  [ 68/600] roster=2 drafted=27 H= 50.51% | 146.7s | checkpointed
  [ 69/600] roster=3 drafted=40 H= 53.59% | 110.9s | checkpointed
  [ 70/600] roster=4 drafted=49 H= 50.18% | 114.0s | checkpointed
  [ 71/600] roster=0 drafted=4 H= 67.29% | 120.4s | checkpointed
  [ 72/600] roster=1 drafted=14 H= 58.23% | 141.3s | checkpointed
  [ 73/600] roster=2 drafted=27 H= 63.59% | 137.4s | checkpointed
  [ 74/600] roster=3 drafted=40 H= 43.71% | 149.1s | checkpointed
  [ 75/600] roster=4 drafted=49 H= 51.93% | 124.7s | checkpointed
  [ 76/600] roster=0 drafted=4 H= 71.81% | 172.0s | checkpointed
  [ 77/600] roster=1 drafted=14 H= 61.41% | 248.8s | checkpointed
  [ 78/600] roster=2 drafted=27 H= 49.76% | 243.9s | checkpointed
  [ 79/600] roster=3 drafted=40 H= 55.58% | 213.9s | checkpointed
  [ 80/600] roster=4 drafted=49 H= 53.76% | 219.5s | checkpointed
  [ 81/600] roster=0 drafted=4 H= 61.75% | 206.9s | checkpointed
  [ 82/600] roster=1 drafted=14 H= 54.78% | 248.6s | checkpointed
  [ 83/600] roster=2 drafted=27 H= 61.61% | 244.8s | checkpointed
  [ 84/600] roster=3 drafted=40 H= 53.78% | 206.5s | checkpointed
  [ 85/600] roster=4 drafted=49 H= 55.51% | 102.9s | checkpointed
  [ 86/600] roster=0 drafted=4 H= 70.78% |  99.7s | checkpointed
  [ 87/600] roster=1 drafted=14 H= 62.12% | 122.9s | checkpointed
  [ 88/600] roster=2 drafted=27 H= 54.68% | 141.5s | checkpointed
  [ 89/600] roster=3 drafted=40 H= 53.72% | 123.9s | checkpointed
  [ 90/600] roster=4 drafted=49 H= 53.77% | 117.4s | checkpointed
  [ 91/600] roster=0 drafted=4 H= 73.18% | 106.7s | checkpointed
  [ 92/600] roster=1 drafted=14 H= 54.32% | 131.5s | checkpointed
  [ 93/600] roster=2 drafted=27 H= 54.89% | 128.4s | checkpointed
  [ 94/600] roster=3 drafted=40 H= 49.29% | 120.2s | checkpointed
  [ 95/600] roster=4 drafted=49 H= 50.18% | 132.5s | checkpointed
  [ 96/600] roster=0 drafted=4 H= 81.23% | 122.1s | checkpointed
  [ 97/600] roster=1 drafted=14 H= 61.31% | 158.2s | checkpointed
  [ 98/600] roster=2 drafted=27 H= 57.26% | 163.3s | checkpointed
  [ 99/600] roster=3 drafted=40 H= 48.42% | 152.1s | checkpointed
  [100/600] roster=4 drafted=49 H= 47.38% | 136.0s | checkpointed
  [101/600] roster=0 drafted=4 H= 65.00% | 100.5s | checkpointed
  [102/600] roster=1 drafted=14 H= 56.72% | 120.8s | checkpointed
  [103/600] roster=2 drafted=27 H= 56.62% | 119.7s | checkpointed
  [104/600] roster=3 drafted=40 H= 50.59% | 118.3s | checkpointed
  [105/600] roster=4 drafted=49 H= 48.34% | 111.7s | checkpointed
  [106/600] roster=0 drafted=4 H= 70.91% | 123.9s | checkpointed
  [107/600] roster=1 drafted=14 H= 59.16% | 152.5s | checkpointed
  [108/600] roster=2 drafted=27 H= 50.07% | 158.6s | checkpointed
  [109/600] roster=3 drafted=40 H= 54.87% | 116.6s | checkpointed
  [110/600] roster=4 drafted=49 H= 53.74% | 110.7s | checkpointed
  [111/600] roster=0 drafted=4 H= 69.29% | 111.6s | checkpointed
  [112/600] roster=1 drafted=14 H= 59.49% | 136.5s | checkpointed
  [113/600] roster=2 drafted=27 H= 53.00% | 165.1s | checkpointed
  [114/600] roster=3 drafted=40 H= 54.33% | 109.7s | checkpointed
  [115/600] roster=4 drafted=49 H= 50.89% | 106.1s | checkpointed
  [116/600] roster=0 drafted=4 H= 78.33% |  99.4s | checkpointed
  [117/600] roster=1 drafted=14 H= 58.34% | 129.5s | checkpointed
  [118/600] roster=2 drafted=27 H= 57.33% | 128.9s | checkpointed
  [119/600] roster=3 drafted=40 H= 50.40% | 119.0s | checkpointed
  [120/600] roster=4 drafted=49 H= 49.00% | 110.1s | checkpointed
  [121/600] roster=0 drafted=4 H= 74.77% | 100.2s | checkpointed
  [122/600] roster=1 drafted=14 H= 63.29% | 123.2s | checkpointed
  [123/600] roster=2 drafted=27 H= 51.04% | 127.2s | checkpointed
  [124/600] roster=3 drafted=40 H= 56.34% | 116.0s | checkpointed
  [125/600] roster=4 drafted=49 H= 56.73% |  90.1s | checkpointed
  [126/600] roster=0 drafted=4 H= 78.43% | 101.8s | checkpointed
  [127/600] roster=1 drafted=14 H= 58.72% | 125.1s | checkpointed
  [128/600] roster=2 drafted=27 H= 53.73% | 105.4s | checkpointed
  [129/600] roster=3 drafted=40 H= 50.14% | 114.9s | checkpointed
  [130/600] roster=4 drafted=49 H= 43.95% | 112.6s | checkpointed
  [131/600] roster=0 drafted=4 H= 71.64% | 102.4s | checkpointed
  [132/600] roster=1 drafted=14 H= 65.95% | 103.8s | checkpointed
  [133/600] roster=2 drafted=27 H= 61.22% | 124.2s | checkpointed
  [134/600] roster=3 drafted=40 H= 53.96% | 106.0s | checkpointed
  [135/600] roster=4 drafted=49 H= 52.11% |  96.9s | checkpointed
  [136/600] roster=0 drafted=4 H= 70.07% | 100.3s | checkpointed
  [137/600] roster=1 drafted=14 H= 54.25% | 122.2s | checkpointed
  [138/600] roster=2 drafted=27 H= 49.52% | 123.3s | checkpointed
  [139/600] roster=3 drafted=40 H= 59.13% | 107.4s | checkpointed
  [140/600] roster=4 drafted=49 H= 48.82% | 106.9s | checkpointed
  [141/600] roster=0 drafted=4 H= 68.13% | 100.5s | checkpointed
  [142/600] roster=1 drafted=14 H= 55.45% | 123.8s | checkpointed
  [143/600] roster=2 drafted=27 H= 53.18% | 123.8s | checkpointed
  [144/600] roster=3 drafted=40 H= 54.65% | 111.9s | checkpointed
  [145/600] roster=4 drafted=49 H= 51.33% | 103.3s | checkpointed
  [146/600] roster=0 drafted=4 H= 69.28% | 101.2s | checkpointed
  [147/600] roster=1 drafted=14 H= 55.95% | 126.1s | checkpointed
  [148/600] roster=2 drafted=27 H= 54.83% | 121.9s | checkpointed
  [149/600] roster=3 drafted=40 H= 49.46% | 117.2s | checkpointed
  [150/600] roster=4 drafted=49 H= 48.05% | 109.7s | checkpointed
  [151/600] roster=0 drafted=4 H= 71.73% | 103.9s | checkpointed
  [152/600] roster=1 drafted=14 H= 50.91% | 126.4s | checkpointed
  [153/600] roster=2 drafted=27 H= 53.42% | 124.0s | checkpointed
  [154/600] roster=3 drafted=40 H= 48.82% | 115.4s | checkpointed
  [155/600] roster=4 drafted=49 H= 50.69% |  98.3s | checkpointed
  [156/600] roster=0 drafted=4 H= 63.71% | 105.1s | checkpointed
  [157/600] roster=1 drafted=14 H= 64.00% | 124.2s | checkpointed
  [158/600] roster=2 drafted=27 H= 51.63% | 123.9s | checkpointed
  [159/600] roster=3 drafted=40 H= 50.41% | 113.6s | checkpointed
  [160/600] roster=4 drafted=49 H= 58.77% | 102.9s | checkpointed
  [161/600] roster=0 drafted=4 H= 69.71% | 100.8s | checkpointed
  [162/600] roster=1 drafted=14 H= 59.84% | 123.9s | checkpointed
  [163/600] roster=2 drafted=27 H= 55.73% | 120.6s | checkpointed
  [164/600] roster=3 drafted=40 H= 53.27% | 113.6s | checkpointed
  [165/600] roster=4 drafted=49 H= 50.88% | 108.8s | checkpointed
  [166/600] roster=0 drafted=4 H= 72.28% |  99.9s | checkpointed
  [167/600] roster=1 drafted=14 H= 58.32% | 124.7s | checkpointed
  [168/600] roster=2 drafted=27 H= 47.12% | 124.2s | checkpointed
  [169/600] roster=3 drafted=40 H= 55.21% | 115.3s | checkpointed
  [170/600] roster=4 drafted=49 H= 44.77% | 104.5s | checkpointed
  [171/600] roster=0 drafted=4 H= 82.82% |  97.6s | checkpointed
  [172/600] roster=1 drafted=14 H= 60.97% | 125.4s | checkpointed
  [173/600] roster=2 drafted=27 H= 53.99% | 126.3s | checkpointed
  [174/600] roster=3 drafted=40 H= 53.33% | 110.0s | checkpointed
  [175/600] roster=4 drafted=49 H= 45.34% | 108.6s | checkpointed
  [176/600] roster=0 drafted=4 H= 70.42% | 101.6s | checkpointed
  [177/600] roster=1 drafted=14 H= 54.86% | 124.4s | checkpointed
  [178/600] roster=2 drafted=27 H= 54.57% | 124.0s | checkpointed
  [179/600] roster=3 drafted=40 H= 56.85% | 109.5s | checkpointed
  [180/600] roster=4 drafted=49 H= 51.56% | 101.7s | checkpointed
  [181/600] roster=0 drafted=4 H= 76.59% |  98.7s | checkpointed
  [182/600] roster=1 drafted=14 H= 60.73% | 123.9s | checkpointed
  [183/600] roster=2 drafted=27 H= 51.46% | 126.0s | checkpointed
  [184/600] roster=3 drafted=40 H= 49.45% | 115.2s | checkpointed
  [185/600] roster=4 drafted=49 H= 47.72% | 100.6s | checkpointed
  [186/600] roster=0 drafted=4 H= 63.66% | 102.7s | checkpointed
  [187/600] roster=1 drafted=14 H= 62.00% | 123.6s | checkpointed
  [188/600] roster=2 drafted=27 H= 58.12% | 126.2s | checkpointed
  [189/600] roster=3 drafted=40 H= 52.99% | 117.3s | checkpointed
  [190/600] roster=4 drafted=49 H= 51.12% | 104.5s | checkpointed
  [191/600] roster=0 drafted=4 H= 74.05% |  89.2s | checkpointed
  [192/600] roster=1 drafted=14 H= 59.79% | 123.6s | checkpointed
  [193/600] roster=2 drafted=27 H= 50.27% | 126.1s | checkpointed
  [194/600] roster=3 drafted=40 H= 51.44% | 110.2s | checkpointed
  [195/600] roster=4 drafted=49 H= 53.59% | 110.4s | checkpointed
  [196/600] roster=0 drafted=4 H= 72.03% | 106.0s | checkpointed
  [197/600] roster=1 drafted=14 H= 56.11% | 170.8s | checkpointed
training budget reached; finalizing from completed checkpoints

SUMMARY
checkpointed states : 197
early bank size     : 840
saved               : data/stats/2026-27/durant/strategy_bank_stage_early.json
census              : data/stats/2026-27/durant/strategy_stage_early_census.csv
checkpoint          : data/stats/2026-27/durant/strategy_stage_early_training_checkpoint.json
elapsed this run    : 6.05 hours

Restart BirdBoard after training so the new EARLY bank is loaded.
